
> @billflow/web@0.0.0 build
> next build

▲ Next.js 16.1.4 (Turbopack)

  Creating an optimized production build ...
✓ Compiled successfully in 2.5s
  Running TypeScript ...

  We detected TypeScript in your project and reconfigured your tsconfig.json file for you.
  The following suggested values were added to your tsconfig.json. These values can be changed to fit your project's needs:

  	- include was updated to add '.next/dev/types/**/*.ts'

  Collecting page data using 9 workers ...
  Generating static pages using 9 workers (0/14) ...
  Generating static pages using 9 workers (3/14) 
  Generating static pages using 9 workers (6/14) 
  Generating static pages using 9 workers (10/14) 
✓ Generating static pages using 9 workers (14/14) in 244.8ms
  Finalizing page optimization ...

Route (app)
┌ ○ /
├ ○ /_not-found
├ ƒ /api/clients
├ ƒ /api/clients/[id]
├ ƒ /api/invoices
├ ƒ /api/invoices/[id]
├ ƒ /api/invoices/[id]/pdf
├ ○ /clients
├ ƒ /clients/[id]
├ ƒ /clients/[id]/edit
├ ○ /clients/new
├ ○ /demo
├ ○ /demo/layout-demo
├ ○ /help
├ ○ /invoices
├ ƒ /invoices/[id]
├ ƒ /invoices/[id]/edit
├ ○ /invoices/new
└ ○ /settings


○  (Static)   prerendered as static content
ƒ  (Dynamic)  server-rendered on demand

