
> @billflow/ui@0.0.0 build
> storybook build


┌  Building storybook v10.2.8
│
◇  Cleaning outputDir: storybook-static
│
◇  Loading presets
│
◇  Building manager..
│
●  Building preview..
│
●  Copying static files: public at storybook-static
│  Vite vite v7.3.1 building client environment for production...
│  Vite transforming...
│
▲  Vite src/components/Button.tsx (1:0): Error when using sourcemap for
│  reporting an error: Can't resolve original location of error.
│
▲  Vite src/components/Button.tsx (1:0): Module level directives cause
│  errors when bundled, "use client" in "src/components/Button.tsx" was
│  ignored.
│
▲  Vite src/components/Input.tsx (1:0): Error when using sourcemap for
│  reporting an error: Can't resolve original location of error.
│
▲  Vite src/components/Input.tsx (1:0): Module level directives cause
│  errors when bundled, "use client" in "src/components/Input.tsx" was
│  ignored.
│
▲  Vite src/components/Badge.tsx (1:0): Error when using sourcemap for
│  reporting an error: Can't resolve original location of error.
│
▲  Vite src/components/Badge.tsx (1:0): Module level directives cause
│  errors when bundled, "use client" in "src/components/Badge.tsx" was
│  ignored.
│
▲  Vite src/components/Card.tsx (1:0): Error when using sourcemap for
│  reporting an error: Can't resolve original location of error.
│
▲  Vite src/components/Card.tsx (1:0): Module level directives cause
│  errors when bundled, "use client" in "src/components/Card.tsx" was
│  ignored.
│
▲  Vite src/components/Checkbox.tsx (1:0): Error when using sourcemap for
│  reporting an error: Can't resolve original location of error.
│
▲  Vite src/components/Checkbox.tsx (1:0): Module level directives cause
│  errors when bundled, "use client" in "src/components/Checkbox.tsx" was
│  ignored.
│
▲  Vite src/components/Textarea.tsx (1:0): Error when using sourcemap for
│  reporting an error: Can't resolve original location of error.
│
▲  Vite src/components/Textarea.tsx (1:0): Module level directives cause
│  errors when bundled, "use client" in "src/components/Textarea.tsx" was
│  ignored.
│
▲  Vite src/components/Modal.tsx (1:0): Error when using sourcemap for
│  reporting an error: Can't resolve original location of error.
│
▲  Vite src/components/Modal.tsx (1:0): Module level directives cause
│  errors when bundled, "use client" in "src/components/Modal.tsx" was
│  ignored.
│
▲  Vite src/components/Skeleton.tsx (1:0): Error when using sourcemap for
│  reporting an error: Can't resolve original location of error.
│
▲  Vite src/components/Skeleton.tsx (1:0): Module level directives cause
│  errors when bundled, "use client" in "src/components/Skeleton.tsx" was
│  ignored.
│
▲  Vite src/components/Table.tsx (1:0): Error when using sourcemap for
│  reporting an error: Can't resolve original location of error.
│
▲  Vite src/components/Table.tsx (1:0): Module level directives cause
│  errors when bundled, "use client" in "src/components/Table.tsx" was
│  ignored.
│
▲  Vite src/components/Select.tsx (1:0): Error when using sourcemap for
│  reporting an error: Can't resolve original location of error.
│
▲  Vite src/components/Select.tsx (1:0): Module level directives cause
│  errors when bundled, "use client" in "src/components/Select.tsx" was
│  ignored.
│
▲  Vite src/components/Toast.tsx (1:0): Error when using sourcemap for
│  reporting an error: Can't resolve original location of error.
│
▲  Vite src/components/Toast.tsx (1:0): Module level directives cause
│  errors when bundled, "use client" in "src/components/Toast.tsx" was
│  ignored.
│
▲  Vite
│  ../../node_modules/framer-motion/dist/es/components/AnimatePresence/PresenceChild.mjs
│  (1:0): Module level directives cause errors when bundled, "use client"
│  in
│  "../../node_modules/framer-motion/dist/es/components/AnimatePresence/PresenceChild.mjs"
│  was ignored.
│
▲  Vite
│  ../../node_modules/framer-motion/dist/es/components/LayoutGroup/index.mjs
│  (1:0): Module level directives cause errors when bundled, "use client"
│  in
│  "../../node_modules/framer-motion/dist/es/components/LayoutGroup/index.mjs"
│  was ignored.
│
▲  Vite
│  ../../node_modules/framer-motion/dist/es/components/AnimatePresence/PopChild.mjs
│  (1:0): Module level directives cause errors when bundled, "use client"
│  in
│  "../../node_modules/framer-motion/dist/es/components/AnimatePresence/PopChild.mjs"
│  was ignored.
│
▲  Vite
│  ../../node_modules/framer-motion/dist/es/components/LazyMotion/index.mjs
│  (1:0): Module level directives cause errors when bundled, "use client"
│  in
│  "../../node_modules/framer-motion/dist/es/components/LazyMotion/index.mjs"
│  was ignored.
│
▲  Vite
│  ../../node_modules/framer-motion/dist/es/components/MotionConfig/index.mjs
│  (1:0): Module level directives cause errors when bundled, "use client"
│  in
│  "../../node_modules/framer-motion/dist/es/components/MotionConfig/index.mjs"
│  was ignored.
│
▲  Vite
│  ../../node_modules/framer-motion/dist/es/motion/utils/use-visual-state.mjs
│  (1:0): Module level directives cause errors when bundled, "use client"
│  in
│  "../../node_modules/framer-motion/dist/es/motion/utils/use-visual-state.mjs"
│  was ignored.
│
▲  Vite
│  ../../node_modules/framer-motion/dist/es/utils/use-force-update.mjs
│  (1:0): Module level directives cause errors when bundled, "use client"
│  in
│  "../../node_modules/framer-motion/dist/es/utils/use-force-update.mjs"
│  was ignored.
│
▲  Vite
│  ../../node_modules/framer-motion/dist/es/utils/use-isomorphic-effect.mjs
│  (1:0): Module level directives cause errors when bundled, "use client"
│  in
│  "../../node_modules/framer-motion/dist/es/utils/use-isomorphic-effect.mjs"
│  was ignored.
│
▲  Vite
│  ../../node_modules/framer-motion/dist/es/utils/use-unmount-effect.mjs
│  (1:0): Module level directives cause errors when bundled, "use client"
│  in
│  "../../node_modules/framer-motion/dist/es/utils/use-unmount-effect.mjs"
│  was ignored.
│
▲  Vite
│  ../../node_modules/framer-motion/dist/es/render/dom/features-animation.mjs
│  (1:0): Module level directives cause errors when bundled, "use client"
│  in
│  "../../node_modules/framer-motion/dist/es/render/dom/features-animation.mjs"
│  was ignored.
│
▲  Vite
│  ../../node_modules/framer-motion/dist/es/render/dom/features-max.mjs
│  (1:0): Module level directives cause errors when bundled, "use client"
│  in
│  "../../node_modules/framer-motion/dist/es/render/dom/features-max.mjs"
│  was ignored.
│
▲  Vite
│  ../../node_modules/framer-motion/dist/es/render/dom/features-min.mjs
│  (1:0): Module level directives cause errors when bundled, "use client"
│  in
│  "../../node_modules/framer-motion/dist/es/render/dom/features-min.mjs"
│  was ignored.
│
▲  Vite
│  ../../node_modules/framer-motion/dist/es/utils/use-motion-value-event.mjs
│  (1:0): Module level directives cause errors when bundled, "use client"
│  in
│  "../../node_modules/framer-motion/dist/es/utils/use-motion-value-event.mjs"
│  was ignored.
│
▲  Vite
│  ../../node_modules/framer-motion/dist/es/value/use-follow-value.mjs
│  (1:0): Module level directives cause errors when bundled, "use client"
│  in
│  "../../node_modules/framer-motion/dist/es/value/use-follow-value.mjs"
│  was ignored.
│
▲  Vite
│  ../../node_modules/framer-motion/dist/es/value/use-motion-value.mjs
│  (1:0): Module level directives cause errors when bundled, "use client"
│  in
│  "../../node_modules/framer-motion/dist/es/value/use-motion-value.mjs"
│  was ignored.
│
▲  Vite
│  ../../node_modules/framer-motion/dist/es/value/use-motion-template.mjs
│  (1:0): Module level directives cause errors when bundled, "use client"
│  in
│  "../../node_modules/framer-motion/dist/es/value/use-motion-template.mjs"
│  was ignored.
│
▲  Vite ../../node_modules/framer-motion/dist/es/value/use-scroll.mjs
│  (1:0): Module level directives cause errors when bundled, "use client"
│  in "../../node_modules/framer-motion/dist/es/value/use-scroll.mjs" was
│  ignored.
│
▲  Vite ../../node_modules/framer-motion/dist/es/value/use-spring.mjs
│  (1:0): Module level directives cause errors when bundled, "use client"
│  in "../../node_modules/framer-motion/dist/es/value/use-spring.mjs" was
│  ignored.
│
▲  Vite ../../node_modules/framer-motion/dist/es/value/use-transform.mjs
│  (1:0): Module level directives cause errors when bundled, "use client"
│  in "../../node_modules/framer-motion/dist/es/value/use-transform.mjs"
│  was ignored.
│
▲  Vite ../../node_modules/framer-motion/dist/es/value/use-time.mjs
│  (1:0): Module level directives cause errors when bundled, "use client"
│  in "../../node_modules/framer-motion/dist/es/value/use-time.mjs" was
│  ignored.
│
▲  Vite ../../node_modules/framer-motion/dist/es/value/use-velocity.mjs
│  (1:0): Module level directives cause errors when bundled, "use client"
│  in "../../node_modules/framer-motion/dist/es/value/use-velocity.mjs"
│  was ignored.
│
▲  Vite
│  ../../node_modules/framer-motion/dist/es/value/use-will-change/index.mjs
│  (1:0): Module level directives cause errors when bundled, "use client"
│  in
│  "../../node_modules/framer-motion/dist/es/value/use-will-change/index.mjs"
│  was ignored.
│
▲  Vite
│  ../../node_modules/framer-motion/dist/es/animation/hooks/use-animate.mjs
│  (1:0): Module level directives cause errors when bundled, "use client"
│  in
│  "../../node_modules/framer-motion/dist/es/animation/hooks/use-animate.mjs"
│  was ignored.
│
▲  Vite
│  ../../node_modules/framer-motion/dist/es/animation/hooks/use-animate-style.mjs
│  (1:0): Module level directives cause errors when bundled, "use client"
│  in
│  "../../node_modules/framer-motion/dist/es/animation/hooks/use-animate-style.mjs"
│  was ignored.
│
▲  Vite
│  ../../node_modules/framer-motion/dist/es/components/AnimatePresence/use-presence-data.mjs
│  (1:0): Module level directives cause errors when bundled, "use client"
│  in
│  "../../node_modules/framer-motion/dist/es/components/AnimatePresence/use-presence-data.mjs"
│  was ignored.
│
▲  Vite
│  ../../node_modules/framer-motion/dist/es/components/AnimatePresence/use-presence.mjs
│  (1:0): Module level directives cause errors when bundled, "use client"
│  in
│  "../../node_modules/framer-motion/dist/es/components/AnimatePresence/use-presence.mjs"
│  was ignored.
│
▲  Vite
│  ../../node_modules/framer-motion/dist/es/utils/reduced-motion/use-reduced-motion-config.mjs
│  (1:0): Module level directives cause errors when bundled, "use client"
│  in
│  "../../node_modules/framer-motion/dist/es/utils/reduced-motion/use-reduced-motion-config.mjs"
│  was ignored.
│
▲  Vite
│  ../../node_modules/framer-motion/dist/es/animation/hooks/use-animation.mjs
│  (1:0): Module level directives cause errors when bundled, "use client"
│  in
│  "../../node_modules/framer-motion/dist/es/animation/hooks/use-animation.mjs"
│  was ignored.
│
▲  Vite ../../node_modules/framer-motion/dist/es/events/use-dom-event.mjs
│  (1:0): Module level directives cause errors when bundled, "use client"
│  in "../../node_modules/framer-motion/dist/es/events/use-dom-event.mjs"
│  was ignored.
│
▲  Vite
│  ../../node_modules/framer-motion/dist/es/utils/use-animation-frame.mjs
│  (1:0): Module level directives cause errors when bundled, "use client"
│  in
│  "../../node_modules/framer-motion/dist/es/utils/use-animation-frame.mjs"
│  was ignored.
│
▲  Vite ../../node_modules/framer-motion/dist/es/utils/use-in-view.mjs
│  (1:0): Module level directives cause errors when bundled, "use client"
│  in "../../node_modules/framer-motion/dist/es/utils/use-in-view.mjs"
│  was ignored.
│
▲  Vite
│  ../../node_modules/framer-motion/dist/es/utils/use-page-in-view.mjs
│  (1:0): Module level directives cause errors when bundled, "use client"
│  in
│  "../../node_modules/framer-motion/dist/es/utils/use-page-in-view.mjs"
│  was ignored.
│
▲  Vite ../../node_modules/framer-motion/dist/es/utils/use-cycle.mjs
│  (1:0): Module level directives cause errors when bundled, "use client"
│  in "../../node_modules/framer-motion/dist/es/utils/use-cycle.mjs" was
│  ignored.
│
▲  Vite
│  ../../node_modules/framer-motion/dist/es/utils/use-instant-transition.mjs
│  (1:0): Module level directives cause errors when bundled, "use client"
│  in
│  "../../node_modules/framer-motion/dist/es/utils/use-instant-transition.mjs"
│  was ignored.
│
▲  Vite
│  ../../node_modules/framer-motion/dist/es/context/LayoutGroupContext.mjs
│  (1:0): Module level directives cause errors when bundled, "use client"
│  in
│  "../../node_modules/framer-motion/dist/es/context/LayoutGroupContext.mjs"
│  was ignored.
│
▲  Vite
│  ../../node_modules/framer-motion/dist/es/context/PresenceContext.mjs
│  (1:0): Module level directives cause errors when bundled, "use client"
│  in
│  "../../node_modules/framer-motion/dist/es/context/PresenceContext.mjs"
│  was ignored.
│
▲  Vite
│  ../../node_modules/framer-motion/dist/es/context/MotionConfigContext.mjs
│  (1:0): Module level directives cause errors when bundled, "use client"
│  in
│  "../../node_modules/framer-motion/dist/es/context/MotionConfigContext.mjs"
│  was ignored.
│
▲  Vite
│  ../../node_modules/framer-motion/dist/es/context/MotionContext/index.mjs
│  (1:0): Module level directives cause errors when bundled, "use client"
│  in
│  "../../node_modules/framer-motion/dist/es/context/MotionContext/index.mjs"
│  was ignored.
│
▲  Vite
│  ../../node_modules/framer-motion/dist/es/context/SwitchLayoutGroupContext.mjs
│  (1:0): Module level directives cause errors when bundled, "use client"
│  in
│  "../../node_modules/framer-motion/dist/es/context/SwitchLayoutGroupContext.mjs"
│  was ignored.
│
▲  Vite
│  ../../node_modules/framer-motion/dist/es/components/AnimateSharedLayout.mjs
│  (1:0): Module level directives cause errors when bundled, "use client"
│  in
│  "../../node_modules/framer-motion/dist/es/components/AnimateSharedLayout.mjs"
│  was ignored.
│
▲  Vite
│  ../../node_modules/framer-motion/dist/es/context/DeprecatedLayoutGroupContext.mjs
│  (1:0): Module level directives cause errors when bundled, "use client"
│  in
│  "../../node_modules/framer-motion/dist/es/context/DeprecatedLayoutGroupContext.mjs"
│  was ignored.
│
▲  Vite
│  ../../node_modules/framer-motion/dist/es/animation/hooks/use-animated-state.mjs
│  (1:0): Module level directives cause errors when bundled, "use client"
│  in
│  "../../node_modules/framer-motion/dist/es/animation/hooks/use-animated-state.mjs"
│  was ignored.
│
▲  Vite
│  ../../node_modules/framer-motion/dist/es/value/use-inverted-scale.mjs
│  (1:0): Module level directives cause errors when bundled, "use client"
│  in
│  "../../node_modules/framer-motion/dist/es/value/use-inverted-scale.mjs"
│  was ignored.
│
▲  Vite
│  ../../node_modules/framer-motion/dist/es/utils/reduced-motion/use-reduced-motion.mjs
│  (1:0): Module level directives cause errors when bundled, "use client"
│  in
│  "../../node_modules/framer-motion/dist/es/utils/reduced-motion/use-reduced-motion.mjs"
│  was ignored.
│
▲  Vite
│  ../../node_modules/framer-motion/dist/es/components/AnimatePresence/index.mjs
│  (1:0): Module level directives cause errors when bundled, "use client"
│  in
│  "../../node_modules/framer-motion/dist/es/components/AnimatePresence/index.mjs"
│  was ignored.
│
▲  Vite ../../node_modules/framer-motion/dist/es/utils/use-constant.mjs
│  (1:0): Module level directives cause errors when bundled, "use client"
│  in "../../node_modules/framer-motion/dist/es/utils/use-constant.mjs"
│  was ignored.
│
▲  Vite ../../node_modules/framer-motion/dist/es/context/LazyContext.mjs
│  (1:0): Module level directives cause errors when bundled, "use client"
│  in "../../node_modules/framer-motion/dist/es/context/LazyContext.mjs"
│  was ignored.
│
▲  Vite ../../node_modules/framer-motion/dist/es/value/use-computed.mjs
│  (1:0): Module level directives cause errors when bundled, "use client"
│  in "../../node_modules/framer-motion/dist/es/value/use-computed.mjs"
│  was ignored.
│
▲  Vite ../../node_modules/framer-motion/dist/es/utils/use-is-mounted.mjs
│  (1:0): Module level directives cause errors when bundled, "use client"
│  in "../../node_modules/framer-motion/dist/es/utils/use-is-mounted.mjs"
│  was ignored.
│
▲  Vite
│  ../../node_modules/framer-motion/dist/es/value/use-combine-values.mjs
│  (1:0): Module level directives cause errors when bundled, "use client"
│  in
│  "../../node_modules/framer-motion/dist/es/value/use-combine-values.mjs"
│  was ignored.
│
▲  Vite
│  ../../node_modules/framer-motion/dist/es/components/Reorder/Item.mjs
│  (1:0): Module level directives cause errors when bundled, "use client"
│  in
│  "../../node_modules/framer-motion/dist/es/components/Reorder/Item.mjs"
│  was ignored.
│
▲  Vite
│  ../../node_modules/framer-motion/dist/es/components/Reorder/Group.mjs
│  (1:0): Module level directives cause errors when bundled, "use client"
│  in
│  "../../node_modules/framer-motion/dist/es/components/Reorder/Group.mjs"
│  was ignored.
│
▲  Vite
│  ../../node_modules/framer-motion/dist/es/context/ReorderContext.mjs
│  (1:0): Module level directives cause errors when bundled, "use client"
│  in
│  "../../node_modules/framer-motion/dist/es/context/ReorderContext.mjs"
│  was ignored.
│
▲  Vite
│  ../../node_modules/framer-motion/dist/es/motion/features/layout/MeasureLayout.mjs
│  (1:0): Module level directives cause errors when bundled, "use client"
│  in
│  "../../node_modules/framer-motion/dist/es/motion/features/layout/MeasureLayout.mjs"
│  was ignored.
│
▲  Vite ../../node_modules/framer-motion/dist/es/motion/index.mjs (1:0):
│  Module level directives cause errors when bundled, "use client" in
│  "../../node_modules/framer-motion/dist/es/motion/index.mjs" was
│  ignored.
│
▲  Vite
│  ../../node_modules/framer-motion/dist/es/render/svg/use-svg-visual-state.mjs
│  (1:0): Module level directives cause errors when bundled, "use client"
│  in
│  "../../node_modules/framer-motion/dist/es/render/svg/use-svg-visual-state.mjs"
│  was ignored.
│
▲  Vite
│  ../../node_modules/framer-motion/dist/es/context/MotionContext/create.mjs
│  (1:0): Module level directives cause errors when bundled, "use client"
│  in
│  "../../node_modules/framer-motion/dist/es/context/MotionContext/create.mjs"
│  was ignored.
│
▲  Vite
│  ../../node_modules/framer-motion/dist/es/render/dom/use-render.mjs
│  (1:0): Module level directives cause errors when bundled, "use client"
│  in
│  "../../node_modules/framer-motion/dist/es/render/dom/use-render.mjs"
│  was ignored.
│
▲  Vite
│  ../../node_modules/framer-motion/dist/es/motion/utils/use-motion-ref.mjs
│  (1:0): Module level directives cause errors when bundled, "use client"
│  in
│  "../../node_modules/framer-motion/dist/es/motion/utils/use-motion-ref.mjs"
│  was ignored.
│
▲  Vite
│  ../../node_modules/framer-motion/dist/es/render/html/use-html-visual-state.mjs
│  (1:0): Module level directives cause errors when bundled, "use client"
│  in
│  "../../node_modules/framer-motion/dist/es/render/html/use-html-visual-state.mjs"
│  was ignored.
│
▲  Vite
│  ../../node_modules/framer-motion/dist/es/motion/utils/use-visual-element.mjs
│  (1:0): Module level directives cause errors when bundled, "use client"
│  in
│  "../../node_modules/framer-motion/dist/es/motion/utils/use-visual-element.mjs"
│  was ignored.
│
▲  Vite ../../node_modules/framer-motion/dist/es/render/svg/use-props.mjs
│  (1:0): Module level directives cause errors when bundled, "use client"
│  in "../../node_modules/framer-motion/dist/es/render/svg/use-props.mjs"
│  was ignored.
│
▲  Vite
│  ../../node_modules/framer-motion/dist/es/render/html/use-props.mjs
│  (1:0): Module level directives cause errors when bundled, "use client"
│  in
│  "../../node_modules/framer-motion/dist/es/render/html/use-props.mjs"
│  was ignored.
│  Vite ✓ 2516 modules transformed.
│  Vite rendering chunks...
│  Vite computing gzip size...
│  Vite storybook-static/iframe.html
│  18.96 kB │ gzip:   5.38 kB
│  Vite storybook-static/assets/iframe-1xm2lQWG.css
│  34.91 kB │ gzip:   7.50 kB
│  Vite storybook-static/assets/jsx-runtime-DNbnDrS_.js
│  0.07 kB │ gzip:   0.08 kB
│  Vite storybook-static/assets/index-_wz8HXS5.js
│  0.09 kB │ gzip:   0.10 kB
│  Vite storybook-static/assets/check-D1H5rcSV.js
│  0.13 kB │ gzip:   0.15 kB
│  Vite storybook-static/assets/x-C2uF2Gbi.js
│  0.17 kB │ gzip:   0.16 kB
│  Vite storybook-static/assets/formatter-EIJCOSYU-VMUXLXNy.js
│  0.18 kB │ gzip:   0.17 kB
│  Vite storybook-static/assets/file-text-BuJtXcAA.js
│  0.40 kB │ gzip:   0.26 kB
│  Vite storybook-static/assets/triangle-alert-C3ZfoF9-.js
│  0.42 kB │ gzip:   0.30 kB
│  Vite storybook-static/assets/index-CuWl6VCa.js
│  0.46 kB │ gzip:   0.30 kB
│  Vite storybook-static/assets/use-animation-D14UonCX.js
│  0.69 kB │ gzip:   0.40 kB
│  Vite storybook-static/assets/createLucideIcon-DUYOLIfp.js
│  1.20 kB │ gzip:   0.69 kB
│  Vite storybook-static/assets/preload-helper-PPVm8Dsz.js
│  1.23 kB │ gzip:   0.72 kB
│  Vite storybook-static/assets/DocsRenderer-LL677BLK-DsO1VvMG.js
│  1.31 kB │ gzip:   0.71 kB
│  Vite storybook-static/assets/Button.stories-BpQ2ZYvp.js
│  1.38 kB │ gzip:   0.71 kB
│  Vite storybook-static/assets/motion-BpefA4NX.js
│  1.53 kB │ gzip:   0.52 kB
│  Vite storybook-static/assets/Card.stories-CE38T0H5.js
│  2.16 kB │ gzip:   1.02 kB
│  Vite storybook-static/assets/Button-hT2043Ha.js
│  2.70 kB │ gzip:   1.16 kB
│  Vite storybook-static/assets/index-BhA9a2e1.js
│  3.87 kB │ gzip:   1.83 kB
│  Vite storybook-static/assets/Input.stories-BN1YjpG7.js
│  4.08 kB │ gzip:   1.69 kB
│  Vite storybook-static/assets/Textarea.stories-BrS3CD95.js
│  4.13 kB │ gzip:   1.77 kB
│  Vite storybook-static/assets/Checkbox.stories-3GTTLpvS.js
│  5.59 kB │ gzip:   1.64 kB
│  Vite storybook-static/assets/Badge.stories-DhyilEtV.js
│  6.86 kB │ gzip:   2.17 kB
│  Vite storybook-static/assets/Toast.stories-CdtYyJdh.js
│  7.16 kB │ gzip:   2.65 kB
│  Vite storybook-static/assets/Select.stories-CvgRs6I2.js
│  7.44 kB │ gzip:   2.78 kB
│  Vite storybook-static/assets/Modal.stories-DxH1ZFxx.js
│  7.85 kB │ gzip:   2.76 kB
│  Vite storybook-static/assets/Skeleton.stories-_ni0CAHg.js
│  10.40 kB │ gzip:   2.43 kB
│  Vite storybook-static/assets/Introduction-CvnPMwkS.js
│  10.48 kB │ gzip:   2.07 kB
│  Vite storybook-static/assets/Colors-uZlxBJXF.js
│  12.82 kB │ gzip:   2.56 kB
│  Vite storybook-static/assets/Typography-BXiW6hO0.js
│  14.84 kB │ gzip:   2.81 kB
│  Vite storybook-static/assets/Table.stories-DCy6CLgu.js
│  15.92 kB │ gzip:   3.85 kB
│  Vite storybook-static/assets/Guidelines-CSnnZ4Kf.js
│  16.13 kB │ gzip:   2.95 kB
│  Vite storybook-static/assets/Spacing-JWPKEZEt.js
│  16.67 kB │ gzip:   2.55 kB
│  Vite storybook-static/assets/Shadows-DYHm0LaS.js
│  18.03 kB │ gzip:   2.67 kB
│  Vite storybook-static/assets/Accessibility-Bpia-Atv.js
│  22.55 kB │ gzip:   3.24 kB
│  Vite storybook-static/vite-inject-mocker-entry.js
│  28.11 kB │ gzip:   9.77 kB
│  Vite storybook-static/assets/matchers-5TDFFDYO-HJu_DfWo.js
│  29.23 kB │ gzip:  10.00 kB
│  Vite storybook-static/assets/Color-6BZIO3FS-BTeOpmCv.js
│  29.96 kB │ gzip:  11.25 kB
│  Vite storybook-static/assets/WithTooltip-65CFNBJE-D1OGD7G_.js
│  33.10 kB │ gzip:  11.62 kB
│  Vite storybook-static/assets/syntaxhighlighter-ED5Y7EFY-Dh0VagLW.js
│  78.07 kB │ gzip:  27.05 kB
│  Vite storybook-static/assets/proxy-BwEnF3Rc.js
│  118.65 kB │ gzip:  38.87 kB
│  Vite storybook-static/assets/react-18-oSA8SxKz.js
│  204.91 kB │ gzip:  64.12 kB
│  Vite storybook-static/assets/axe-pVCYGqmD.js
│  579.70 kB │ gzip: 159.23 kB
│  Vite storybook-static/assets/blocks-N-G103Sf.js
│  744.16 kB │ gzip: 233.57 kB
│  Vite storybook-static/assets/iframe-B7fxw5vj.js
│  1,357.08 kB │ gzip: 390.15 kB
│
▲  Vite
│  (!) Some chunks are larger than 500 kB after minification. Consider:
│  - Using dynamic import() to code-split the application
│  - Use build.rollupOptions.output.manualChunks to improve chunking:
│  ]8;;https://rollupjs.org/configuration-options/#output-manualchunkshttps://rollupjs.org/configuration-options/#output-manualchunks]8;;
│  - Adjust chunk size limit for this warning via
│  build.chunkSizeWarningLimit.
│  Vite ✓ built in 5.63s
│
◇  Output directory: /Users/riaan/Documents/Design Files/Code
│  Projects/Billflow/packages/ui/storybook-static
│
└  Storybook build completed successfully

